--------------------------------------------------------------------------------------
Timing Analyzer Summary
--------------------------------------------------------------------------------------

Type           : Worst-case tsu
Slack          : N/A
Required Time  : None
Actual Time    : 9.991 ns
From           : noteT
To             : g19_note_timer:inst1|n[20]
From Clock     : --
To Clock       : clk
Failed Paths   : 0

Type           : Worst-case tco
Slack          : N/A
Required Time  : None
Actual Time    : 12.882 ns
From           : g19_Envelope:inst|lpm_ff:lpm_ff_component|dffs[19]
To             : l5
From Clock     : clk
To Clock       : --
Failed Paths   : 0

Type           : Worst-case th
Slack          : N/A
Required Time  : None
Actual Time    : -0.472 ns
From           : reset
To             : g19_Envelope:inst|lpm_ff:lpm_ff_component|dffs[0]
From Clock     : --
To Clock       : clk
Failed Paths   : 0

Type           : Clock Setup: 'clk'
Slack          : N/A
Required Time  : None
Actual Time    : 98.03 MHz ( period = 10.201 ns )
From           : g19_note_timer:inst1|GATE
To             : g19_Envelope:inst|lpm_ff:lpm_ff_component|dffs[23]
From Clock     : clk
To Clock       : clk
Failed Paths   : 0

Type           : Total number of failed paths
Slack          : 
Required Time  : 
Actual Time    : 
From           : 
To             : 
From Clock     : 
To Clock       : 
Failed Paths   : 0

--------------------------------------------------------------------------------------

